// Jest Snapshot v1, https://goo.gl/fbAQLP

exports[`editor renders 1`] = `"<div class=\\"editor-page\\"><div class=\\"container page\\"><div class=\\"row\\"><div class=\\"col-md-10 offset-md-1 col-xs-12\\"><!-- react-empty: 5 --><form><fieldset><fieldset class=\\"form-group\\"><input type=\\"text\\" class=\\"form-control form-control-lg\\" placeholder=\\"Article Title\\" value=\\"\\" data-state-key=\\"title\\" data-test=\\"title\\"></fieldset><fieldset class=\\"form-group\\"><input type=\\"text\\" class=\\"form-control\\" placeholder=\\"What's this article about?\\" value=\\"\\" data-state-key=\\"description\\" data-test=\\"description\\"></fieldset><fieldset class=\\"form-group\\"><textarea class=\\"form-control\\" rows=\\"8\\" placeholder=\\"Write your article (in markdown)\\" data-state-key=\\"body\\" data-test=\\"body\\"></textarea></fieldset><fieldset class=\\"form-group\\"><input type=\\"text\\" class=\\"form-control\\" placeholder=\\"Enter tags\\" value=\\"\\" data-test=\\"tags\\"><div class=\\"tag-list\\" data-test=\\"tag-pills\\"></div></fieldset><button class=\\"btn btn-lg pull-xs-right btn-primary\\" type=\\"submit\\" data-test=\\"submit\\">Publish Article</button></fieldset></form></div></div></div></div>"`;
